// Jest Snapshot v1, https://goo.gl/fbAQLP

exports[`About view Test matching snapshot 1`] = `ShallowWrapper {}`;
